// Jest Snapshot v1, https://goo.gl/fbAQLP

exports[`Header renders correctly 1`] = `
<div
  className="mock-helmet"
  defaultTitle="tetov's projects & more"
  titleTemplate="%s | tetov's projects & more"
>
  <html
    lang="en"
    prefix="og: http://ogp.me/ns#"
  />
  <meta
    content="tetov's projects & more"
    property="og:site_name"
  />
  <meta
    content="https://tetov.seTest"
    property="og:url"
  />
  <meta
    content="website"
    property="og:type"
  />
  <meta
    content="tetov's projects & more"
    property="og:title"
  />
  <meta
    content="there no 'more', is there?"
    name="description"
  />
  <meta
    content="there no 'more', is there?"
    property="og:description"
  />
  <meta
    content="https://tetov.setest-file-stub"
    property="og:image"
  />
  <meta
    content="summary"
    name="twitter:card"
  />
  <meta
    content="antontetov"
    name="twitter:site"
  />
  <meta
    content="antontetov"
    name="twitter:creator"
  />
</div>
`;
