// Jest Snapshot v1, https://goo.gl/fbAQLP

exports[`HCard HCard renders correctly with hand converted data 1`] = `
<div
  aria-hidden={true}
  className="h-card hidden"
>
  <div
    className="inline-block group"
  >
    <span
      className="p-name"
    >
      Anton Tetov Johansson
    </span>
  </div>
  <div
    className="inline-block group"
  >
    <a
      className="p-gender-identity"
      href="https://en.wikipedia.org/wiki/Non-binary_gender"
      rel="external"
    >
      (they/them)
    </a>
  </div>
  <div
    className="inline-block group"
  >
    <a
      className="u-email"
      href="mailto:anton@tetov.se"
      rel="me"
    >
      email
    </a>
  </div>
  <div
    className="inline-block group"
  >
    <a
      className="u-key"
      href="/key.txt"
      rel="pgpkey authn key me"
    >
      openpgp public key
    </a>
  </div>
</div>
`;

exports[`HCard PureHCard renders correctly with hand converted data 1`] = `
<div
  aria-hidden={true}
  className="h-card hidden"
>
  <div
    className="inline-block group"
  >
    <span
      className="p-name"
    >
      Anton Tetov Johansson
    </span>
  </div>
  <div
    className="inline-block group"
  >
    <a
      className="p-gender-identity"
      href="https://en.wikipedia.org/wiki/Non-binary_gender"
      rel="external"
    >
      (they/them)
    </a>
  </div>
  <div
    className="inline-block group"
  >
    <a
      className="u-email"
      href="mailto:anton@tetov.se"
      rel="me"
    >
      email
    </a>
  </div>
  <div
    className="inline-block group"
  >
    <a
      className="u-key"
      href="/key.txt"
      rel="pgpkey authn key me"
    >
      openpgp public key
    </a>
  </div>
</div>
`;
