// Jest Snapshot v1, https://goo.gl/fbAQLP

exports[`HCard HCard renders correctly with hand converted data 1`] = `
<div
  aria-hidden={true}
  className="h-card hidden"
>
  <div
    className="flex group p-2"
  >
    <span
      className="p-name"
    >
      <span
        className=""
      >
        Anton Tetov Johansson
      </span>
    </span>
  </div>
  <div
    className="flex group p-2"
  >
    <a
      className="p-gender-identity"
      href="https://en.wikipedia.org/wiki/Non-binary_gender"
      rel="external"
    >
      <span
        className=""
      >
        (they/them)
      </span>
    </a>
  </div>
  <div
    className="flex group p-2"
  >
    <a
      className="u-email"
      href="mailto:anton@tetov.se"
      rel="me"
    >
      <span
        className=""
      >
        email
      </span>
    </a>
  </div>
  <div
    className="flex group p-2"
  >
    <a
      className="u-key"
      href="/key.txt"
      rel="pgpkey authn key me"
    >
      <span
        className=""
      >
        openpgp public key
      </span>
    </a>
  </div>
</div>
`;

exports[`HCard PureHCard renders correctly with hand converted data 1`] = `
<div
  aria-hidden={true}
  className="h-card hidden"
>
  <div
    className="flex group p-2"
  >
    <span
      className="p-name"
    >
      <span
        className=""
      >
        Anton Tetov Johansson
      </span>
    </span>
  </div>
  <div
    className="flex group p-2"
  >
    <a
      className="p-gender-identity"
      href="https://en.wikipedia.org/wiki/Non-binary_gender"
      rel="external"
    >
      <span
        className=""
      >
        (they/them)
      </span>
    </a>
  </div>
  <div
    className="flex group p-2"
  >
    <a
      className="u-email"
      href="mailto:anton@tetov.se"
      rel="me"
    >
      <span
        className=""
      >
        email
      </span>
    </a>
  </div>
  <div
    className="flex group p-2"
  >
    <a
      className="u-key"
      href="/key.txt"
      rel="pgpkey authn key me"
    >
      <span
        className=""
      >
        openpgp public key
      </span>
    </a>
  </div>
</div>
`;
