// Jest Snapshot v1, https://goo.gl/fbAQLP

exports[`Header renders correctly 1`] = `
<header
  className="text-center md:justify-between pt-12 mb-16 md:mb-12"
>
  <a
    href="/"
  >
    <h1
      className="text-7xl md:text-8xl font-bold tracking-tighter leading-tight"
    >
      Nossnahoj Votet Notna
    </h1>
  </a>
   
  <h2
    className="mt-4 w-2/3 text-2xl md:text-4xl font-light inline-block leading-relaxed"
  >
    <span>
      Test
    </span>
  </h2>
</header>
`;
